{
  "swagger": "2.0",
  "info": {
    "title": "Testing API",
    "description": "",
    "version": "v1.0.0"
  },
  "paths": {
    "/composable-array-primitive": {
      "put": {
        "description": "",
        "consumes": [
          "application/json"
        ],
        "produces": [
          "application/json"
        ],
        "tags": [
          "product"
        ],
        "summary": "",
        "operationId": "put-/composable-array-primitive",
        "parameters": [],
        "responses": {
          "200": {
            "description": "Request Accepted",
            "schema": {
              "allOf": [
                {
                  "$ref": "#/definitions/models.Response"
                },
                {
                  "type": "object",
                  "properties": {
                    "data": {
                      "type": "array",
                      "items": {
                        "type": "number"
                      }
                    }
                  }
                },
                {
                  "type": "object",
                  "properties": {
                    "errors": {
                      "type": "array",
                      "items": {
                        "type": "number"
                      }
                    }
                  }
                }
              ]
            }
          },
          "201": {
            "description": "Request Accepted",
            "schema": {
              "allOf": [
                {
                  "$ref": "#/definitions/models.Response"
                },
                {
                  "type": "object",
                  "properties": {
                    "data": {
                      "type": "array",
                      "items": {
                        "type": "string"
                      }
                    }
                  }
                },
                {
                  "type": "object",
                  "properties": {
                    "errors": {
                      "type": "array",
                      "items": {
                        "type": "integer"
                      }
                    }
                  }
                }
              ]
            }
          },
          "202": {
            "description": "Request Accepted",
            "schema": {
              "allOf": [
                {
                  "$ref": "#/definitions/models.Response"
                },
                {
                  "type": "object",
                  "properties": {
                    "data": {
                      "type": "array",
                      "items": {
                        "type": "boolean"
                      }
                    }
                  }
                },
                {
                  "type": "object",
                  "properties": {
                    "errors": {
                      "type": "array",
                      "items": {
                        "type": "string"
                      }
                    }
                  }
                }
              ]
            }
          }
        }
      }
    }
  },
  "basePath": "/",
  "host": "",
  "definitions": {
    "models.Response": {
      "type": "object",
      "properties": {
        "status": {
          "type": "string"
        }
      },
      "required": [
        "status"
      ]
    }
  },
  "schemes": [
    "http",
    "https"
  ]
}